/*C4*/SET SCHEMA PUBLIC
DISCONNECT
/*C5*/SET SCHEMA PUBLIC
DELETE FROM CATEGORIA WHERE OID='402881969a4d6afc019a4d6b5ecc0000'
COMMIT
DELETE FROM FACTURA WHERE OID='402881969a4d8d22019a4d8de28b0000'
COMMIT
DELETE FROM FACTURA_DETALLES WHERE FACTURA_OID='402881969a4d91ce019a4d926a700000' AND CANTIDAD=1 AND PRODUCTO_NUMERO IS NULL
DELETE FROM FACTURA_DETALLES WHERE FACTURA_OID='402881969a4d91ce019a4d926a700000' AND CANTIDAD=2 AND PRODUCTO_NUMERO IS NULL
DELETE FROM FACTURA_DETALLES WHERE FACTURA_OID='402881969a4d91ce019a4d926a700000' AND CANTIDAD=3 AND PRODUCTO_NUMERO IS NULL
DELETE FROM FACTURA WHERE OID='402881969a4d91ce019a4d926a700000'
COMMIT
DELETE FROM PRODUCTO WHERE NUMERO=1
COMMIT
DELETE FROM CLIENTE WHERE NUMERO=1
COMMIT
INSERT INTO CATEGORIA VALUES('402881969a4d9563019a4d964c8a0000','food')
COMMIT
INSERT INTO CLIENTE VALUES(1,'Jonathan',112,'Managua','Managua','Ciudad Real')
COMMIT
INSERT INTO PRODUCTO VALUES(1,'pollo',NULL,'',12.00,'402881969a4d9563019a4d964c8a0000')
COMMIT
INSERT INTO PRODUCTO VALUES(2,'carne',NULL,'',124.00,'402881969a4d9563019a4d964c8a0000')
COMMIT
INSERT INTO FACTURA VALUES('402881969a4d9563019a4d97b8660001',2025,'2025-11-03',1,'',1)
INSERT INTO FACTURA_DETALLES VALUES('402881969a4d9563019a4d97b8660001',12,1)
INSERT INTO FACTURA_DETALLES VALUES('402881969a4d9563019a4d97b8660001',12,2)
COMMIT
